---
source: basalt/src/markdown/view.rs
expression: terminal.backend()
---
"╭──────────────────────────────────────────────────────────────────────────────▲"
"│ Indented Lists                                                               █"
"│ ════════════════════════════════════════════════════════════════════════════ █"
"│ Lists can be indented                                                        █"
"│                                                                              █"
"│ - First list item                                                            █"
"│   - Second list item                                                         █"
"│     - Third list item                                                        █"
"│                                                                              █"
"│                                                                              █"
"│                                                                              █"
"│                                                                              █"
"│                                                                              █"
"│                                                                              █"
"│                                                                              ║"
"│                                                                              ║"
"│                                                                              ║"
"│                                                                              ║"
"│                                                                              ║"
"╰──────────────────────────────────────────────────────────────────────────────▼"
