---
source: basalt/src/outline.rs
expression: terminal.backend()
---
"╭Outline─────────────────────╮"
"│ ▾ Heading with multiple spa│"
"│ │ ▾ Heading with tab       │"
"│ │ │ ▾ Heading with mixed wh│"
"│ │ │ │ ▾                    │"
"│ │ │ │ │                    │"
"│                            │"
"│                            │"
"│                            │"
"╰────────────────────────────╯"
