---
source: basalt/src/outline.rs
expression: terminal.backend()
---
"╭───────────────── ▶ Outline ╮"
"│ ▾ Duplicate                │"
"│ │   Child                  │"
"│ ▾ Duplicate                │"
"│ │   Different Child        │"
"│   Duplicate                │"
"│                            │"
"│                            │"
"│                            │"
"╰────────────────────────────╯"
