---
source: basalt/src/outline.rs
expression: terminal.backend()
---
"╭───────────────── ▶ Outline ╮"
"│ ▾ A                        │"
"│ │ ▾ B                      │"
"│ │ │ ▾ C                    │"
"│ │ │ │ ▾ D                  │"
"│ │ │ │ │ ▾ E                │"
"│ │ │ │ │ │   F              │"
"│ │ │ │ │   E2               │"
"│ │ │ │   D2                 │"
"╰────────────────────────────╯"
